{
  "version": "1.5.0",
  "plugins_used": [
    {
      "name": "ArtifactoryDetector"
    },
    {
      "name": "AWSKeyDetector"
    },
    {
      "name": "AzureStorageKeyDetector"
    },
    {
      "name": "Base64HighEntropyString",
      "limit": 4.5
    },
    {
      "name": "BasicAuthDetector"
    },
    {
      "name": "CloudantDetector"
    },
    {
      "name": "DiscordBotTokenDetector"
    },
    {
      "name": "GitHubTokenDetector"
    },
    {
      "name": "GitLabTokenDetector"
    },
    {
      "name": "HexHighEntropyString",
      "limit": 3.0
    },
    {
      "name": "IbmCloudIamDetector"
    },
    {
      "name": "IbmCosHmacDetector"
    },
    {
      "name": "IPPublicDetector"
    },
    {
      "name": "JwtTokenDetector"
    },
    {
      "name": "KeywordDetector",
      "keyword_exclude": ""
    },
    {
      "name": "MailchimpDetector"
    },
    {
      "name": "NpmDetector"
    },
    {
      "name": "OpenAIDetector"
    },
    {
      "name": "PrivateKeyDetector"
    },
    {
      "name": "PypiTokenDetector"
    },
    {
      "name": "SendGridDetector"
    },
    {
      "name": "SlackDetector"
    },
    {
      "name": "SoftlayerDetector"
    },
    {
      "name": "SquareOAuthDetector"
    },
    {
      "name": "StripeDetector"
    },
    {
      "name": "TelegramBotTokenDetector"
    },
    {
      "name": "TwilioKeyDetector"
    }
  ],
  "filters_used": [
    {
      "path": "detect_secrets.filters.allowlist.is_line_allowlisted"
    },
    {
      "path": "detect_secrets.filters.common.is_baseline_file",
      "filename": ".secrets.baseline"
    },
    {
      "path": "detect_secrets.filters.heuristic.is_indirect_reference"
    },
    {
      "path": "detect_secrets.filters.heuristic.is_likely_id_string"
    },
    {
      "path": "detect_secrets.filters.heuristic.is_lock_file"
    },
    {
      "path": "detect_secrets.filters.heuristic.is_not_alphanumeric_string"
    },
    {
      "path": "detect_secrets.filters.heuristic.is_potential_uuid"
    },
    {
      "path": "detect_secrets.filters.heuristic.is_prefixed_with_dollar_sign"
    },
    {
      "path": "detect_secrets.filters.heuristic.is_sequential_string"
    },
    {
      "path": "detect_secrets.filters.heuristic.is_swagger_file"
    },
    {
      "path": "detect_secrets.filters.heuristic.is_templated_secret"
    },
    {
      "path": "detect_secrets.filters.regex.should_exclude_file",
      "pattern": [
        "^\\.secrets\\.baseline$"
      ]
    }
  ],
  "results": {
    ".detect-secrets.cfg": [
      {
        "type": "Private Key",
        "filename": ".detect-secrets.cfg",
        "hashed_secret": "1348b145fa1a555461c1b790a2f66614781091e9",
        "is_verified": false,
        "line_number": 17,
        "is_secret": false
      },
      {
        "type": "Secret Keyword",
        "filename": ".detect-secrets.cfg",
        "hashed_secret": "fe88fceb47e040ba1bfafa4ac639366188df2f6d",
        "is_verified": false,
        "line_number": 19,
        "is_secret": false
      },
      {
        "type": "Secret Keyword",
        "filename": ".detect-secrets.cfg",
        "hashed_secret": "fca71afec681b7c2932610046e8e524820317e47",
        "is_verified": false,
        "line_number": 21,
        "is_secret": false
      },
      {
        "type": "Secret Keyword",
        "filename": ".detect-secrets.cfg",
        "hashed_secret": "ecb252044b5ea0f679ee78ec1a12904739e2904d",
        "is_verified": false,
        "line_number": 30,
        "is_secret": false
      }
    ],
    ".env.example": [
      {
        "type": "Twilio API Key",
        "filename": ".env.example",
        "hashed_secret": "3c7206eff845bc69cf12d904d0f95f9aec15535e",
        "is_verified": false,
        "line_number": 2,
        "is_secret": false
      }
    ],
    ".github/workflows/ci.yml": [
      {
        "type": "Secret Keyword",
        "filename": ".github/workflows/ci.yml",
        "hashed_secret": "6ae17b32f50dae37c9c40f9af77922dc79a544bc",
        "is_verified": false,
        "line_number": 50,
        "is_secret": false
      }
    ],
    "docs/finance_defaults.md": [
      {
        "type": "Secret Keyword",
        "filename": "docs/finance_defaults.md",
        "hashed_secret": "6d9c68c603e465077bdd49c62347fe54717f83a3",
        "is_verified": false,
        "line_number": 104,
        "is_secret": false
      }
    ],
    "docs/finance_defaults_zh-CN.md": [
      {
        "type": "Secret Keyword",
        "filename": "docs/finance_defaults_zh-CN.md",
        "hashed_secret": "6d9c68c603e465077bdd49c62347fe54717f83a3",
        "is_verified": false,
        "line_number": 91,
        "is_secret": false
      }
    ],
    "marketbot/agent/tools/market.py": [
      {
        "type": "Hex High Entropy String",
        "filename": "marketbot/agent/tools/market.py",
        "hashed_secret": "814a92911425dd9f7bdf48fc4d06031dfdbcd8a3",
        "is_verified": false,
        "line_number": 822,
        "is_secret": false
      }
    ],
    "marketbot/providers/custom_provider.py": [
      {
        "type": "Secret Keyword",
        "filename": "marketbot/providers/custom_provider.py",
        "hashed_secret": "576426d52f216a70835ec62c0172ee7f762f8199",
        "is_verified": false,
        "line_number": 91,
        "is_secret": false
      }
    ],
    "marketbot/rl/trainer/openclaw_export.py": [
      {
        "type": "Secret Keyword",
        "filename": "marketbot/rl/trainer/openclaw_export.py",
        "hashed_secret": "6e21676d638e133c767bf2a8a3c9b5ec8526801f",
        "is_verified": false,
        "line_number": 545,
        "is_secret": false
      }
    ],
    "scripts/evaluate_readme.py": [
      {
        "type": "Secret Keyword",
        "filename": "scripts/evaluate_readme.py",
        "hashed_secret": "576426d52f216a70835ec62c0172ee7f762f8199",
        "is_verified": false,
        "line_number": 339,
        "is_secret": false
      }
    ],
    "tests/test_azure_openai_provider.py": [
      {
        "type": "Secret Keyword",
        "filename": "tests/test_azure_openai_provider.py",
        "hashed_secret": "3acfb2c2b433c0ea7ff107e33df91b18e52f960f",
        "is_verified": false,
        "line_number": 14,
        "is_secret": false
      },
      {
        "type": "Secret Keyword",
        "filename": "tests/test_azure_openai_provider.py",
        "hashed_secret": "a94a8fe5ccb19ba61c4c0873d391e987982fbbd3",
        "is_verified": false,
        "line_number": 33,
        "is_secret": false
      },
      {
        "type": "Secret Keyword",
        "filename": "tests/test_azure_openai_provider.py",
        "hashed_secret": "d58f8c42247f1cf100bf63f196d93d7d302e8ca9",
        "is_verified": false,
        "line_number": 72,
        "is_secret": false
      }
    ],
    "tests/test_channels_manager.py": [
      {
        "type": "Secret Keyword",
        "filename": "tests/test_channels_manager.py",
        "hashed_secret": "c5fb78aeca97025035c3dc7410041cdc2e294f55",
        "is_verified": false,
        "line_number": 31,
        "is_secret": false
      }
    ],
    "tests/test_cli_language.py": [
      {
        "type": "Secret Keyword",
        "filename": "tests/test_cli_language.py",
        "hashed_secret": "ac7625faa74c744e74e87a0bf42ab2fd466b2a84",
        "is_verified": false,
        "line_number": 26,
        "is_secret": false
      }
    ],
    "tests/test_cli_runtime.py": [
      {
        "type": "Secret Keyword",
        "filename": "tests/test_cli_runtime.py",
        "hashed_secret": "15cd4504edaccefbda7199b58ae6dac9bd32cb30",
        "is_verified": false,
        "line_number": 28,
        "is_secret": false
      },
      {
        "type": "Secret Keyword",
        "filename": "tests/test_cli_runtime.py",
        "hashed_secret": "a62f2225bf70bfaccbc7f1ef2a397836717377de",
        "is_verified": false,
        "line_number": 77,
        "is_secret": false
      },
      {
        "type": "Secret Keyword",
        "filename": "tests/test_cli_runtime.py",
        "hashed_secret": "83b1be43eeaff543574db1af8c84db875bd9f6f7",
        "is_verified": false,
        "line_number": 89,
        "is_secret": false
      }
    ],
    "tests/test_cli_status_runtime.py": [
      {
        "type": "Secret Keyword",
        "filename": "tests/test_cli_status_runtime.py",
        "hashed_secret": "e9a5f12a8ecbb3eb46eca5096b5c52aa5e7c9fdd",
        "is_verified": false,
        "line_number": 24,
        "is_secret": false
      },
      {
        "type": "Secret Keyword",
        "filename": "tests/test_cli_status_runtime.py",
        "hashed_secret": "ce4adf25288f58255170e36f1caedee6f6866394",
        "is_verified": false,
        "line_number": 170,
        "is_secret": false
      },
      {
        "type": "Hex High Entropy String",
        "filename": "tests/test_cli_status_runtime.py",
        "hashed_secret": "ff998abc1ce6d8f01a675fa197368e44c8916e9c",
        "is_verified": false,
        "line_number": 192,
        "is_secret": false
      }
    ],
    "tests/test_commands.py": [
      {
        "type": "Secret Keyword",
        "filename": "tests/test_commands.py",
        "hashed_secret": "e9a5f12a8ecbb3eb46eca5096b5c52aa5e7c9fdd",
        "is_verified": false,
        "line_number": 2688,
        "is_secret": false
      }
    ],
    "tests/test_config_loader.py": [
      {
        "type": "Secret Keyword",
        "filename": "tests/test_config_loader.py",
        "hashed_secret": "a47110e348a3063541fb1f1f640d635d457181a0",
        "is_verified": false,
        "line_number": 16,
        "is_secret": false
      },
      {
        "type": "Secret Keyword",
        "filename": "tests/test_config_loader.py",
        "hashed_secret": "18713de109430604c25af8da08e3df8c6a99cb67",
        "is_verified": false,
        "line_number": 19,
        "is_secret": false
      },
      {
        "type": "Secret Keyword",
        "filename": "tests/test_config_loader.py",
        "hashed_secret": "e83d5f8c98ead20dfe19ab49b4890368de80c004",
        "is_verified": false,
        "line_number": 38,
        "is_secret": false
      }
    ],
    "tests/test_context_prompt_cache.py": [
      {
        "type": "Secret Keyword",
        "filename": "tests/test_context_prompt_cache.py",
        "hashed_secret": "f149446dd2c044dd2b4aad54a50df8d2adef3678",
        "is_verified": false,
        "line_number": 1159,
        "is_secret": false
      }
    ],
    "tests/test_email_channel.py": [
      {
        "type": "Secret Keyword",
        "filename": "tests/test_email_channel.py",
        "hashed_secret": "e5e9fa1ba31ecd1ae84f75caaa474f3a663f05f4",
        "is_verified": false,
        "line_number": 19,
        "is_secret": false
      }
    ],
    "tests/test_evidence_store.py": [
      {
        "type": "Secret Keyword",
        "filename": "tests/test_evidence_store.py",
        "hashed_secret": "36132cd8835c43961e1c980ef4b3ef1a6719dd1f",
        "is_verified": false,
        "line_number": 167,
        "is_secret": false
      }
    ],
    "tests/test_finance_config.py": [
      {
        "type": "Secret Keyword",
        "filename": "tests/test_finance_config.py",
        "hashed_secret": "ac1f3c1a674e8420ccc47c90d56470d5508f3315",
        "is_verified": false,
        "line_number": 22,
        "is_secret": false
      },
      {
        "type": "Secret Keyword",
        "filename": "tests/test_finance_config.py",
        "hashed_secret": "cc175fe63d00bdb1838f47bfc65e3a686ffefb0c",
        "is_verified": false,
        "line_number": 75,
        "is_secret": false
      },
      {
        "type": "Secret Keyword",
        "filename": "tests/test_finance_config.py",
        "hashed_secret": "6e9b80987f39fc9b283de28880f831b87b16ab99",
        "is_verified": false,
        "line_number": 110,
        "is_secret": false
      },
      {
        "type": "Secret Keyword",
        "filename": "tests/test_finance_config.py",
        "hashed_secret": "0087c79b70feebecac59ca8058c47f4b6f977548",
        "is_verified": false,
        "line_number": 167,
        "is_secret": false
      }
    ],
    "tests/test_market_tools.py": [
      {
        "type": "Secret Keyword",
        "filename": "tests/test_market_tools.py",
        "hashed_secret": "f149446dd2c044dd2b4aad54a50df8d2adef3678",
        "is_verified": false,
        "line_number": 866,
        "is_secret": false
      },
      {
        "type": "Secret Keyword",
        "filename": "tests/test_market_tools.py",
        "hashed_secret": "15cd4504edaccefbda7199b58ae6dac9bd32cb30",
        "is_verified": false,
        "line_number": 867,
        "is_secret": false
      }
    ],
    "tests/test_mcp_client.py": [
      {
        "type": "Secret Keyword",
        "filename": "tests/test_mcp_client.py",
        "hashed_secret": "11eed1950c2a664147b76417ebf15ec8967ab9e2",
        "is_verified": false,
        "line_number": 241,
        "is_secret": false
      }
    ],
    "tests/test_skills_loader.py": [
      {
        "type": "Secret Keyword",
        "filename": "tests/test_skills_loader.py",
        "hashed_secret": "f149446dd2c044dd2b4aad54a50df8d2adef3678",
        "is_verified": false,
        "line_number": 612,
        "is_secret": false
      }
    ]
  },
  "generated_at": "2026-10-02T19:50:48Z"
}
